// Jest Snapshot v1, https://goo.gl/fbAQLP

exports[`Title Component Test Suite It should render correctly 1`] = `
<styled.span>
  ☆ ☆ ☆ ☆ ☆
</styled.span>
`;
